extend: total generated 286, 286 after local pruning; final clean_up (keep=64)
  prune pass 1/2: 248 remain
  prune pass 2/2: 230 remain
  prune pass 1/6: 121 remain
  prune pass 2/6: 109 remain
  prune pass 3/6: 106 remain
  prune pass 4/6: 101 remain
  prune pass 5/6: 91 remain
  prune pass 6/6: 5 remain
  clean_up: increasing prefilter to 2458
  prune pass 1/6: 216 remain
  prune pass 2/6: 206 remain
  prune pass 3/6: 191 remain
  prune pass 4/6: 184 remain
  prune pass 5/6: 176 remain
  prune pass 6/6: 7 remain
extend: layer +1 round 0: 7 networks, best |out|=6472 worst=7543 (22.9 s)
extend: total generated 1533, 1533 after local pruning; final clean_up (keep=64)
  prune pass 1/2: 835 remain
  prune pass 2/2: 705 remain
  prune pass 1/6: 114 remain
  prune pass 2/6: 105 remain
  prune pass 3/6: 95 remain
  prune pass 4/6: 92 remain
  prune pass 5/6: 83 remain
  prune pass 6/6: 27 remain
  clean_up: increasing prefilter to 456
  prune pass 1/6: 409 remain
  prune pass 2/6: 376 remain
  prune pass 3/6: 352 remain
  prune pass 4/6: 328 remain
  prune pass 5/6: 297 remain
  prune pass 6/6: 89 remain
extend: layer +1 round 1: 65 networks, best |out|=5324 worst=6706 (977.9 s)
  prune pass 1/2: 1767 remain
  prune pass 1/2: 1751 remain
  prune pass 2/2: 1526 remain
  prune pass 2/2: 1511 remain
  prune pass 1/2: 1479 remain
  prune pass 2/2: 1321 remain
extend: total generated 9798, 1295 after local pruning; final clean_up (keep=64)
  prune pass 1/2: 896 remain
  prune pass 2/2: 784 remain
  prune pass 1/6: 124 remain
  prune pass 2/6: 114 remain
  prune pass 3/6: 111 remain
  prune pass 4/6: 109 remain
  prune pass 5/6: 106 remain
  prune pass 6/6: 67 remain
extend: layer +1 round 2: 64 networks, best |out|=3785 worst=5055 (261.7 s)
  prune pass 1/2: 1637 remain
  prune pass 1/2: 1697 remain
  prune pass 2/2: 1525 remain
  prune pass 2/2: 1499 remain
extend: total generated 5769, 522 after local pruning; final clean_up (keep=64)
  prune pass 1/2: 381 remain
  prune pass 2/2: 335 remain
  prune pass 1/6: 117 remain
  prune pass 2/6: 111 remain
  prune pass 3/6: 105 remain
  prune pass 4/6: 102 remain
  prune pass 5/6: 98 remain
  prune pass 6/6: 64 remain
  clean_up: increasing prefilter to 192
  prune pass 1/6: 178 remain
  prune pass 2/6: 163 remain
  prune pass 3/6: 155 remain
  prune pass 4/6: 149 remain
  prune pass 5/6: 140 remain
  prune pass 6/6: 105 remain
extend: layer +1 round 3: 64 networks, best |out|=3219 worst=4139 (1086.4 s)
extend: total generated 3347, 3347 after local pruning; final clean_up (keep=64)
  prune pass 1/2: 1936 remain
  prune pass 2/2: 1726 remain
  prune pass 1/6: 116 remain
  prune pass 2/6: 101 remain
  prune pass 3/6: 93 remain
  prune pass 4/6: 85 remain
  prune pass 5/6: 77 remain
  prune pass 6/6: 47 remain
  clean_up: increasing prefilter to 262
  prune pass 1/6: 231 remain
  prune pass 2/6: 200 remain
  prune pass 3/6: 191 remain
  prune pass 4/6: 183 remain
  prune pass 5/6: 166 remain
  prune pass 6/6: 103 remain
extend: layer +1 round 4: 64 networks, best |out|=2857 worst=3461 (729.7 s)
extend: total generated 1802, 1802 after local pruning; final clean_up (keep=64)
  prune pass 1/2: 812 remain
  prune pass 2/2: 713 remain
  prune pass 1/6: 108 remain
  prune pass 2/6: 98 remain
  prune pass 3/6: 93 remain
  prune pass 4/6: 87 remain
  prune pass 5/6: 80 remain
  prune pass 6/6: 63 remain
  clean_up: increasing prefilter to 196
  prune pass 1/6: 171 remain
  prune pass 2/6: 157 remain
  prune pass 3/6: 149 remain
  prune pass 4/6: 140 remain
  prune pass 5/6: 129 remain
  prune pass 6/6: 95 remain
extend: layer +1 round 5: 65 networks, best |out|=2598 worst=3058 (532.0 s)
extend: total generated 891, 891 after local pruning; final clean_up (keep=64)
  prune pass 1/2: 412 remain
  prune pass 2/2: 354 remain
  prune pass 1/6: 111 remain
  prune pass 2/6: 101 remain
  prune pass 3/6: 94 remain
  prune pass 4/6: 93 remain
  prune pass 5/6: 91 remain
  prune pass 6/6: 69 remain
extend: layer +1 round 6: 65 networks, best |out|=2417 worst=2877 (181.9 s)
extend: total generated 308, 308 after local pruning; final clean_up (keep=64)
  prune pass 1/2: 153 remain
  prune pass 2/2: 140 remain
  prune pass 1/6: 115 remain
  prune pass 2/6: 107 remain
  prune pass 3/6: 104 remain
  prune pass 4/6: 99 remain
  prune pass 5/6: 93 remain
  prune pass 6/6: 71 remain
extend: layer +1 round 7: 66 networks, best |out|=2416 worst=2854 (93.3 s)
extend: total generated 136, 136 after local pruning; final clean_up (keep=64)
  prune pass 1/2: 87 remain
  prune pass 2/2: 77 remain
  prune pass 1/6: 72 remain
  prune pass 2/6: 65 remain
  prune pass 3/6: 63 remain
  prune pass 4/6: 62 remain
  prune pass 5/6: 61 remain
  prune pass 6/6: 53 remain
extend: layer +1 round 8: 53 networks, best |out|=2416 worst=2854 (38.7 s)
extend: total generated 69, 69 after local pruning; final clean_up (keep=64)
  prune pass 1/2: 64 remain
  prune pass 2/2: 60 remain
  prune pass 1/6: 57 remain
  prune pass 2/6: 57 remain
  prune pass 3/6: 57 remain
  prune pass 4/6: 57 remain
  prune pass 5/6: 55 remain
  prune pass 6/6: 51 remain
extend: layer +1 round 9: 51 networks, best |out|=2416 worst=2854 (33.8 s)
extend: total generated 63, 63 after local pruning; final clean_up (keep=64)
  prune pass 1/6: 60 remain
  prune pass 2/6: 55 remain
  prune pass 3/6: 55 remain
  prune pass 4/6: 54 remain
  prune pass 5/6: 54 remain
  prune pass 6/6: 51 remain
extend: layer +1 round 10: 51 networks, best |out|=2416 worst=2854 (33.8 s)
extend: total generated 63, 63 after local pruning; final clean_up (keep=64)
  prune pass 1/6: 57 remain
  prune pass 2/6: 56 remain
  prune pass 3/6: 55 remain
  prune pass 4/6: 54 remain
  prune pass 5/6: 54 remain
  prune pass 6/6: 51 remain
extend: layer +1 round 11: 51 networks, best |out|=2416 worst=2854 (33.1 s)
extend: total generated 63, 63 after local pruning; final clean_up (keep=64)
  prune pass 1/6: 60 remain
  prune pass 2/6: 58 remain
  prune pass 3/6: 58 remain
  prune pass 4/6: 56 remain
  prune pass 5/6: 55 remain
  prune pass 6/6: 51 remain
extend: layer +1 round 12: 51 networks, best |out|=2416 worst=2854 (32.7 s)
extend: total generated 63, 63 after local pruning; final clean_up (keep=64)
  prune pass 1/6: 59 remain
  prune pass 2/6: 58 remain
  prune pass 3/6: 56 remain
  prune pass 4/6: 55 remain
  prune pass 5/6: 53 remain
  prune pass 6/6: 51 remain
extend: layer +1 round 13: 51 networks, best |out|=2416 worst=2854 (33.7 s)
extend: total generated 63, 63 after local pruning; final clean_up (keep=64)
  prune pass 1/6: 59 remain
  prune pass 2/6: 58 remain
  prune pass 3/6: 57 remain
  prune pass 4/6: 57 remain
  prune pass 5/6: 55 remain
  prune pass 6/6: 51 remain
extend: layer +1 round 14: 51 networks, best |out|=2416 worst=2854 (33.7 s)
extend: total generated 63, 63 after local pruning; final clean_up (keep=64)
  prune pass 1/6: 58 remain
  prune pass 2/6: 56 remain
  prune pass 3/6: 56 remain
  prune pass 4/6: 53 remain
  prune pass 5/6: 53 remain
  prune pass 6/6: 51 remain
extend: layer +1 round 15: 51 networks, best |out|=2416 worst=2854 (33.9 s)

real	69m29.190s
user	69m58.816s
sys	0m4.896s
