extend: total generated 301, 301 after local pruning; final clean_up (keep=64)
  prune pass 1/2: 127 remain
  prune pass 2/2: 105 remain
  prune pass 1/6: 95 remain
  prune pass 2/6: 89 remain
  prune pass 3/6: 84 remain
  prune pass 4/6: 78 remain
  prune pass 5/6: 74 remain
  prune pass 6/6: 62 remain
extend: layer +1 round 0: 62 networks, best |out|=5146 worst=6715 (51.9 s)
  prune pass 1/2: 1442 remain
  prune pass 2/2: 1181 remain
  prune pass 1/2: 1428 remain
  prune pass 2/2: 1238 remain
  prune pass 1/2: 1463 remain
  prune pass 2/2: 1272 remain
  prune pass 1/2: 1417 remain
  prune pass 2/2: 1265 remain
extend: total generated 13932, 1279 after local pruning; final clean_up (keep=64)
  prune pass 1/2: 691 remain
  prune pass 2/2: 624 remain
  prune pass 1/6: 123 remain
  prune pass 2/6: 122 remain
  prune pass 3/6: 120 remain
  prune pass 4/6: 119 remain
  prune pass 5/6: 118 remain
  prune pass 6/6: 107 remain
extend: layer +1 round 1: 64 networks, best |out|=3968 worst=4808 (180.6 s)
  prune pass 1/2: 1843 remain
  prune pass 2/2: 1547 remain
  prune pass 1/2: 1752 remain
  prune pass 2/2: 1504 remain
extend: total generated 9650, 983 after local pruning; final clean_up (keep=64)
  prune pass 1/2: 503 remain
  prune pass 2/2: 453 remain
  prune pass 1/6: 124 remain
  prune pass 2/6: 120 remain
  prune pass 3/6: 119 remain
  prune pass 4/6: 117 remain
  prune pass 5/6: 113 remain
  prune pass 6/6: 100 remain
extend: layer +1 round 2: 64 networks, best |out|=3136 worst=3728 (56.9 s)
  prune pass 1/2: 2195 remain
  prune pass 2/2: 1909 remain
extend: total generated 6235, 687 after local pruning; final clean_up (keep=64)
  prune pass 1/2: 381 remain
  prune pass 2/2: 353 remain
  prune pass 1/6: 119 remain
  prune pass 2/6: 113 remain
  prune pass 3/6: 107 remain
  prune pass 4/6: 107 remain
  prune pass 5/6: 103 remain
  prune pass 6/6: 86 remain
extend: layer +1 round 3: 65 networks, best |out|=2499 worst=3050 (27.5 s)
  prune pass 1/2: 1200 remain
  prune pass 2/2: 1080 remain
extend: total generated 3675, 259 after local pruning; final clean_up (keep=64)
  prune pass 1/2: 240 remain
  prune pass 2/2: 228 remain
  prune pass 1/6: 121 remain
  prune pass 2/6: 117 remain
  prune pass 3/6: 115 remain
  prune pass 4/6: 114 remain
  prune pass 5/6: 112 remain
  prune pass 6/6: 87 remain
extend: layer +1 round 4: 65 networks, best |out|=2193 worst=2589 (30.7 s)
extend: total generated 1647, 1647 after local pruning; final clean_up (keep=64)
  prune pass 1/2: 485 remain
  prune pass 2/2: 443 remain
  prune pass 1/6: 121 remain
  prune pass 2/6: 120 remain
  prune pass 3/6: 118 remain
  prune pass 4/6: 117 remain
  prune pass 5/6: 114 remain
  prune pass 6/6: 87 remain
extend: layer +1 round 5: 66 networks, best |out|=1935 worst=2322 (37.0 s)
extend: total generated 510, 510 after local pruning; final clean_up (keep=64)
  prune pass 1/2: 186 remain
  prune pass 2/2: 180 remain
  prune pass 1/6: 125 remain
  prune pass 2/6: 123 remain
  prune pass 3/6: 123 remain
  prune pass 4/6: 122 remain
  prune pass 5/6: 122 remain
  prune pass 6/6: 81 remain
extend: layer +1 round 6: 65 networks, best |out|=1699 worst=2230 (68.8 s)
extend: total generated 73, 73 after local pruning; final clean_up (keep=64)
  prune pass 1/2: 67 remain
  prune pass 2/2: 65 remain
  prune pass 1/6: 65 remain
  prune pass 2/6: 65 remain
  prune pass 3/6: 65 remain
  prune pass 4/6: 65 remain
  prune pass 5/6: 65 remain
  prune pass 6/6: 65 remain
extend: layer +1 round 7: 65 networks, best |out|=1699 worst=2230 (21.7 s)
extend: total generated 73, 73 after local pruning; final clean_up (keep=64)
  prune pass 1/2: 65 remain
  prune pass 2/2: 65 remain
  prune pass 1/6: 65 remain
  prune pass 2/6: 65 remain
  prune pass 3/6: 65 remain
  prune pass 4/6: 65 remain
  prune pass 5/6: 65 remain
  prune pass 6/6: 65 remain
extend: layer +1 round 8: 65 networks, best |out|=1699 worst=2230 (18.9 s)
extend: total generated 73, 73 after local pruning; final clean_up (keep=64)
  prune pass 1/2: 67 remain
  prune pass 2/2: 66 remain
  prune pass 1/6: 66 remain
  prune pass 2/6: 65 remain
  prune pass 3/6: 65 remain
  prune pass 4/6: 65 remain
  prune pass 5/6: 65 remain
  prune pass 6/6: 65 remain
extend: layer +1 round 9: 65 networks, best |out|=1699 worst=2230 (20.4 s)
extend: total generated 73, 73 after local pruning; final clean_up (keep=64)
  prune pass 1/2: 66 remain
  prune pass 2/2: 66 remain
  prune pass 1/6: 65 remain
  prune pass 2/6: 65 remain
  prune pass 3/6: 65 remain
  prune pass 4/6: 65 remain
  prune pass 5/6: 65 remain
  prune pass 6/6: 65 remain
extend: layer +1 round 10: 65 networks, best |out|=1699 worst=2230 (20.4 s)
extend: total generated 73, 73 after local pruning; final clean_up (keep=64)
  prune pass 1/2: 66 remain
  prune pass 2/2: 66 remain
  prune pass 1/6: 65 remain
  prune pass 2/6: 65 remain
  prune pass 3/6: 65 remain
  prune pass 4/6: 65 remain
  prune pass 5/6: 65 remain
  prune pass 6/6: 65 remain
extend: layer +1 round 11: 65 networks, best |out|=1699 worst=2230 (19.9 s)
extend: total generated 73, 73 after local pruning; final clean_up (keep=64)
  prune pass 1/2: 67 remain
  prune pass 2/2: 67 remain
  prune pass 1/6: 66 remain
  prune pass 2/6: 65 remain
  prune pass 3/6: 65 remain
  prune pass 4/6: 65 remain
  prune pass 5/6: 65 remain
  prune pass 6/6: 65 remain
extend: layer +1 round 12: 65 networks, best |out|=1699 worst=2230 (21.3 s)
extend: total generated 73, 73 after local pruning; final clean_up (keep=64)
  prune pass 1/2: 67 remain
  prune pass 2/2: 67 remain
  prune pass 1/6: 66 remain
  prune pass 2/6: 65 remain
  prune pass 3/6: 65 remain
  prune pass 4/6: 65 remain
  prune pass 5/6: 65 remain
  prune pass 6/6: 65 remain
extend: layer +1 round 13: 65 networks, best |out|=1699 worst=2230 (21.3 s)
extend: total generated 73, 73 after local pruning; final clean_up (keep=64)
  prune pass 1/2: 66 remain
  prune pass 2/2: 66 remain
  prune pass 1/6: 65 remain
  prune pass 2/6: 65 remain
  prune pass 3/6: 65 remain
  prune pass 4/6: 65 remain
  prune pass 5/6: 65 remain
  prune pass 6/6: 65 remain
extend: layer +1 round 14: 65 networks, best |out|=1699 worst=2230 (22.4 s)

real	10m22.900s
user	10m18.576s
sys	0m1.619s
