  prune pass 1/2: 5660 remain
  prune pass 2/2: 5344 remain
  prune pass 1/2: 4247 remain
  prune pass 2/2: 4084 remain
extend: total generated 17586, 257 after local pruning; final clean_up (keep=64)
  prune pass 1/2: 256 remain
  prune pass 2/2: 253 remain
  prune pass 1/6: 128 remain
  prune pass 2/6: 127 remain
  prune pass 3/6: 126 remain
  prune pass 4/6: 126 remain
  prune pass 5/6: 126 remain
  prune pass 6/6: 122 remain
extend: layer +1 round 0: 64 networks, best |out|=1493 worst=1625 (33.3 s)
  prune pass 1/2: 6613 remain
  prune pass 2/2: 6189 remain
extend: total generated 12548, 267 after local pruning; final clean_up (keep=64)
  prune pass 1/2: 249 remain
  prune pass 2/2: 239 remain
  prune pass 1/6: 124 remain
  prune pass 2/6: 122 remain
  prune pass 3/6: 121 remain
  prune pass 4/6: 121 remain
  prune pass 5/6: 121 remain
  prune pass 6/6: 120 remain
extend: layer +1 round 1: 66 networks, best |out|=1320 worst=1404 (14.7 s)

real	16m27.876s
user	4m2.264s
sys	0m26.144s
