gen: n=14 sym=1 start depth 4 with 4389 networks
  prune pass 1/2: 43454 remain
  prune pass 1/2: 45083 remain
  prune pass 2/2: 38206 remain
  prune pass 2/2: 39533 remain
extend: 500/4389 prefixes expanded, 642275 candidates so far
  prune pass 1/2: 47749 remain
  prune pass 1/2: 48727 remain
  prune pass 2/2: 42349 remain
  prune pass 2/2: 43404 remain
  prune pass 1/2: 48305 remain
  prune pass 1/2: 50372 remain
  prune pass 2/2: 42855 remain
  prune pass 2/2: 45325 remain
extend: 1000/4389 prefixes expanded, 1286260 candidates so far
  prune pass 1/2: 48667 remain
  prune pass 1/2: 49277 remain
  prune pass 2/2: 43336 remain
  prune pass 2/2: 44014 remain
  prune pass 1/2: 46732 remain
  prune pass 1/2: 47535 remain
  prune pass 2/2: 41666 remain
  prune pass 2/2: 42426 remain
  prune pass 1/2: 48660 remain
  prune pass 1/2: 44966 remain
  prune pass 2/2: 40183 remain
extend: 1500/4389 prefixes expanded, 1953409 candidates so far
  prune pass 2/2: 43560 remain
  prune pass 1/2: 48209 remain
  prune pass 1/2: 46558 remain
  prune pass 2/2: 43089 remain
  prune pass 2/2: 41470 remain
  prune pass 1/2: 46143 remain
  prune pass 1/2: 47424 remain
  prune pass 2/2: 41131 remain
extend: 2000/4389 prefixes expanded, 2615109 candidates so far
  prune pass 2/2: 42464 remain
  prune pass 1/2: 46641 remain
  prune pass 2/2: 41730 remain
  prune pass 1/2: 47840 remain
  prune pass 2/2: 42690 remain
  prune pass 1/2: 47644 remain
  prune pass 1/2: 48442 remain
  prune pass 2/2: 42799 remain
extend: 2500/4389 prefixes expanded, 3310745 candidates so far
  prune pass 2/2: 43355 remain
  prune pass 1/2: 46595 remain
  prune pass 2/2: 41674 remain
  prune pass 1/2: 48899 remain
  prune pass 2/2: 43997 remain
  prune pass 1/2: 46937 remain
  prune pass 2/2: 41995 remain
  prune pass 1/2: 48202 remain
  prune pass 2/2: 43435 remain
extend: 3000/4389 prefixes expanded, 3984233 candidates so far
  prune pass 1/2: 47011 remain
  prune pass 2/2: 42084 remain
  prune pass 1/2: 47374 remain
  prune pass 2/2: 42562 remain
  prune pass 1/2: 48488 remain
  prune pass 2/2: 43362 remain
  prune pass 1/2: 48242 remain
  prune pass 2/2: 43508 remain
extend: 3500/4389 prefixes expanded, 4688237 candidates so far
  prune pass 1/2: 47191 remain
  prune pass 2/2: 42282 remain
  prune pass 1/2: 44562 remain
  prune pass 2/2: 39966 remain
  prune pass 1/2: 46017 remain
  prune pass 2/2: 41247 remain
  prune pass 1/2: 47380 remain
  prune pass 2/2: 42392 remain
  prune pass 1/2: 46156 remain
  prune pass 2/2: 41175 remain
extend: 4000/4389 prefixes expanded, 5359047 candidates so far
  prune pass 1/2: 47731 remain
  prune pass 2/2: 42949 remain
  prune pass 1/2: 46019 remain
  prune pass 2/2: 41062 remain
  prune pass 1/2: 46947 remain
  prune pass 2/2: 42216 remain
  prune pass 1/2: 49970 remain
  prune pass 2/2: 45024 remain
  prune pass 1/2: 45266 remain
  prune pass 2/2: 40718 remain
extend: total generated 5908328, 5732 after local pruning; final clean_up (keep=24)
  prune pass 1/2: 1882 remain
  prune pass 2/2: 1713 remain
  prune pass 1/6: 48 remain
  prune pass 2/6: 48 remain
  prune pass 3/6: 48 remain
  prune pass 4/6: 48 remain
  prune pass 5/6: 48 remain
  prune pass 6/6: 47 remain
gen: depth 5 -> 32 non-redundant prefixes (6450.5 s); best |out| = 66

real	107m32.396s
user	119m40.834s
sys	0m7.638s
