gen: n=14 sym=1 start depth 1 with 4 networks
  prune pass 1/2: 907 remain
  prune pass 2/2: 678 remain
extend: total generated 22730, 10378 after local pruning; final clean_up (keep=0)
  prune pass 1/6: 923 remain
  prune pass 2/6: 729 remain
  prune pass 3/6: 619 remain
  prune pass 4/6: 544 remain
  prune pass 5/6: 449 remain
  prune pass 6/6: 69 remain
gen: depth 2 -> 69 non-redundant prefixes (41.6 s); best |out| = 648
  prune pass 1/2: 7528 remain
  prune pass 1/2: 7632 remain
  prune pass 2/2: 7032 remain
  prune pass 2/2: 7110 remain
  prune pass 1/2: 12604 remain
  prune pass 2/2: 12021 remain
  prune pass 1/2: 15685 remain
  prune pass 2/2: 14840 remain
  prune pass 1/2: 12230 remain
  prune pass 1/2: 10112 remain
  prune pass 2/2: 11623 remain
  prune pass 2/2: 9647 remain
  prune pass 1/2: 13527 remain
  prune pass 1/2: 13135 remain
  prune pass 2/2: 12601 remain
  prune pass 2/2: 12970 remain
  prune pass 1/2: 10527 remain
  prune pass 2/2: 10190 remain
  prune pass 1/2: 10092 remain
  prune pass 2/2: 9659 remain
extend: total generated 325703, 16119 after local pruning; final clean_up (keep=2000)
  prune pass 1/2: 14051 remain
  prune pass 2/2: 13847 remain
  prune pass 1/6: 3962 remain
  prune pass 2/6: 3946 remain
  prune pass 3/6: 3934 remain
  prune pass 4/6: 3927 remain
  prune pass 5/6: 3918 remain
  prune pass 6/6: 2782 remain
gen: depth 3 -> 2007 non-redundant prefixes (396.9 s); best |out| = 220
  prune pass 1/2: 24993 remain
  prune pass 1/2: 27039 remain
  prune pass 2/2: 23036 remain
  prune pass 2/2: 24983 remain
  prune pass 1/2: 35669 remain
  prune pass 1/2: 36575 remain
  prune pass 2/2: 33673 remain
  prune pass 2/2: 34724 remain
  prune pass 1/2: 38431 remain
  prune pass 1/2: 37161 remain
  prune pass 2/2: 36750 remain
  prune pass 2/2: 35374 remain
  prune pass 1/2: 38705 remain
  prune pass 1/2: 36859 remain
  prune pass 2/2: 36966 remain
  prune pass 2/2: 35226 remain
  prune pass 1/2: 39985 remain
  prune pass 1/2: 38175 remain
  prune pass 2/2: 38323 remain
  prune pass 2/2: 36574 remain
  prune pass 1/2: 35160 remain
  prune pass 1/2: 37408 remain
  prune pass 2/2: 33808 remain
  prune pass 2/2: 35837 remain
  prune pass 1/2: 34909 remain
  prune pass 1/2: 39338 remain
  prune pass 2/2: 33572 remain
  prune pass 2/2: 37720 remain
  prune pass 1/2: 39002 remain
  prune pass 2/2: 37405 remain
  prune pass 1/2: 37644 remain
  prune pass 2/2: 36134 remain
  prune pass 1/2: 37198 remain
  prune pass 2/2: 35741 remain
extend: 500/2007 prefixes expanded, 1333540 candidates so far
  prune pass 1/2: 36490 remain
  prune pass 2/2: 35112 remain
  prune pass 1/2: 38194 remain
  prune pass 2/2: 36748 remain
  prune pass 1/2: 36535 remain
  prune pass 2/2: 35129 remain
  prune pass 1/2: 36833 remain
  prune pass 2/2: 35428 remain
  prune pass 1/2: 37610 remain
  prune pass 2/2: 36106 remain
  prune pass 1/2: 37294 remain
  prune pass 2/2: 35885 remain
  prune pass 1/2: 35723 remain
  prune pass 2/2: 34306 remain
  prune pass 1/2: 36880 remain
  prune pass 2/2: 35462 remain
  prune pass 1/2: 40189 remain
  prune pass 2/2: 38654 remain
  prune pass 1/2: 37134 remain
  prune pass 2/2: 35753 remain
  prune pass 1/2: 36287 remain
  prune pass 2/2: 34837 remain
  prune pass 1/2: 38326 remain
  prune pass 2/2: 36777 remain
  prune pass 1/2: 37455 remain
  prune pass 2/2: 35974 remain
  prune pass 1/2: 36506 remain
  prune pass 2/2: 35056 remain
  prune pass 1/2: 38646 remain
  prune pass 2/2: 37259 remain
  prune pass 1/2: 37274 remain
  prune pass 2/2: 35933 remain
  prune pass 1/2: 37996 remain
  prune pass 1/2: 37452 remain
  prune pass 2/2: 36634 remain
  prune pass 2/2: 36060 remain
  prune pass 1/2: 36451 remain
  prune pass 1/2: 36968 remain
  prune pass 2/2: 35147 remain
  prune pass 2/2: 35627 remain
  prune pass 1/2: 37951 remain
  prune pass 1/2: 36912 remain
  prune pass 2/2: 36588 remain
extend: 1000/2007 prefixes expanded, 2786709 candidates so far
  prune pass 2/2: 35591 remain
  prune pass 1/2: 36459 remain
  prune pass 1/2: 36969 remain
  prune pass 2/2: 35084 remain
  prune pass 2/2: 35573 remain
  prune pass 1/2: 37614 remain
  prune pass 1/2: 36590 remain
  prune pass 2/2: 36249 remain
  prune pass 2/2: 35214 remain
  prune pass 1/2: 37328 remain
  prune pass 1/2: 36611 remain
  prune pass 2/2: 35953 remain
  prune pass 2/2: 35381 remain
  prune pass 1/2: 34223 remain
  prune pass 1/2: 36612 remain
  prune pass 2/2: 32920 remain
  prune pass 2/2: 35292 remain
  prune pass 1/2: 36954 remain
  prune pass 1/2: 37334 remain
  prune pass 2/2: 35628 remain
  prune pass 2/2: 36050 remain
  prune pass 1/2: 37580 remain
  prune pass 1/2: 37432 remain
  prune pass 2/2: 36328 remain
  prune pass 2/2: 36158 remain
  prune pass 1/2: 36681 remain
  prune pass 1/2: 37907 remain
  prune pass 2/2: 35381 remain
  prune pass 2/2: 36681 remain
  prune pass 1/2: 36727 remain
  prune pass 1/2: 38848 remain
  prune pass 2/2: 35450 remain
  prune pass 2/2: 37452 remain
  prune pass 1/2: 35762 remain
  prune pass 1/2: 35928 remain
  prune pass 2/2: 34487 remain
  prune pass 2/2: 34632 remain
  prune pass 1/2: 34561 remain
  prune pass 1/2: 35443 remain
  prune pass 2/2: 33379 remain
  prune pass 2/2: 34119 remain
  prune pass 1/2: 33696 remain
  prune pass 1/2: 33098 remain
  prune pass 2/2: 32546 remain
  prune pass 2/2: 31856 remain
extend: 1500/2007 prefixes expanded, 4232455 candidates so far
  prune pass 1/2: 36152 remain
  prune pass 1/2: 36176 remain
  prune pass 2/2: 34737 remain
  prune pass 2/2: 34916 remain
  prune pass 1/2: 34899 remain
  prune pass 1/2: 36497 remain
  prune pass 2/2: 33641 remain
  prune pass 2/2: 35253 remain
  prune pass 1/2: 34611 remain
  prune pass 1/2: 36858 remain
  prune pass 2/2: 33413 remain
  prune pass 2/2: 35580 remain
  prune pass 1/2: 34450 remain
  prune pass 1/2: 33483 remain
  prune pass 2/2: 33197 remain
  prune pass 2/2: 32298 remain
  prune pass 1/2: 35925 remain
  prune pass 1/2: 36349 remain
  prune pass 2/2: 34691 remain
  prune pass 2/2: 34998 remain
  prune pass 1/2: 34400 remain
  prune pass 1/2: 35822 remain
  prune pass 2/2: 33234 remain
  prune pass 2/2: 34550 remain
  prune pass 1/2: 35744 remain
  prune pass 1/2: 36978 remain
  prune pass 2/2: 34546 remain
  prune pass 2/2: 35725 remain
  prune pass 1/2: 36646 remain
  prune pass 1/2: 36687 remain
  prune pass 2/2: 35455 remain
  prune pass 2/2: 35457 remain
  prune pass 1/2: 34573 remain
  prune pass 1/2: 35939 remain
  prune pass 2/2: 33340 remain
  prune pass 2/2: 34768 remain
  prune pass 1/2: 37409 remain
  prune pass 1/2: 35921 remain
  prune pass 2/2: 36088 remain
  prune pass 2/2: 34617 remain
  prune pass 1/2: 36832 remain
  prune pass 1/2: 36923 remain
  prune pass 2/2: 35527 remain
  prune pass 2/2: 35629 remain
  prune pass 1/2: 37663 remain
  prune pass 1/2: 37068 remain
  prune pass 2/2: 36404 remain
extend: 2000/2007 prefixes expanded, 5732166 candidates so far
  prune pass 2/2: 35759 remain
  prune pass 1/2: 36329 remain
  prune pass 2/2: 35082 remain
extend: total generated 5755754, 49487 after local pruning; final clean_up (keep=4000)
  prune pass 1/2: 34391 remain
  prune pass 2/2: 33783 remain
  prune pass 1/6: 7948 remain
  prune pass 2/6: 7921 remain
  prune pass 3/6: 7899 remain
  prune pass 4/6: 7895 remain
  prune pass 5/6: 7888 remain
  prune pass 6/6: 6925 remain
gen: depth 4 -> 4389 non-redundant prefixes (34734.4 s); best |out| = 110
  prune pass 1/2: 45044 remain
  prune pass 1/2: 44019 remain
  prune pass 2/2: 39582 remain
  prune pass 2/2: 38507 remain
extend: 500/4389 prefixes expanded, 643254 candidates so far
  prune pass 1/2: 47779 remain
  prune pass 1/2: 48789 remain
  prune pass 2/2: 42292 remain
  prune pass 2/2: 43427 remain
  prune pass 1/2: 48296 remain
  prune pass 1/2: 50430 remain
  prune pass 2/2: 42891 remain
  prune pass 2/2: 45052 remain
extend: 1000/4389 prefixes expanded, 1286460 candidates so far
  prune pass 1/2: 48908 remain
  prune pass 1/2: 49034 remain
  prune pass 2/2: 43585 remain
  prune pass 2/2: 43654 remain
  prune pass 1/2: 47008 remain
  prune pass 1/2: 47133 remain
  prune pass 2/2: 41958 remain
  prune pass 2/2: 41984 remain
  prune pass 1/2: 44962 remain
  prune pass 2/2: 39979 remain
extend: 1500/4389 prefixes expanded, 1953599 candidates so far
  prune pass 1/2: 48696 remain
  prune pass 2/2: 43639 remain
  prune pass 1/2: 46463 remain
  prune pass 2/2: 41189 remain
  prune pass 1/2: 48172 remain
  prune pass 2/2: 43187 remain
  prune pass 1/2: 46796 remain
  prune pass 1/2: 46981 remain
  prune pass 2/2: 41494 remain
extend: 2000/4389 prefixes expanded, 2614663 candidates so far
  prune pass 2/2: 42269 remain
  prune pass 1/2: 46821 remain
  prune pass 1/2: 47370 remain
  prune pass 2/2: 41888 remain
  prune pass 2/2: 42358 remain
  prune pass 1/2: 48399 remain
  prune pass 1/2: 47077 remain
  prune pass 2/2: 43429 remain
extend: 2500/4389 prefixes expanded, 3310285 candidates so far
  prune pass 2/2: 42294 remain
  prune pass 1/2: 46707 remain
  prune pass 1/2: 48773 remain
  prune pass 2/2: 41633 remain
  prune pass 2/2: 43888 remain
  prune pass 1/2: 46729 remain
  prune pass 2/2: 41676 remain
  prune pass 1/2: 48357 remain
  prune pass 2/2: 43484 remain
extend: 3000/4389 prefixes expanded, 3983101 candidates so far
