== N10L29D8 03:44:00
result: n=10 size=29 depth=8 sorting=1 removed=0
== N10L31D7 03:44:00
result: n=10 size=31 depth=7 sorting=1 removed=0
== N11L35D8 03:44:00
result: n=11 size=35 depth=8 sorting=1 removed=0
== N12L39D9 03:44:00
result: n=12 size=39 depth=9 sorting=1 removed=0
== N12L40D8 03:44:00
result: n=12 size=40 depth=8 sorting=1 removed=0
== N13L45D10 03:44:00
result: n=13 size=45 depth=10 sorting=1 removed=0
== N13L46D9 03:44:00
result: n=13 size=46 depth=9 sorting=1 removed=0
== N14L51D10 03:44:00
result: n=14 size=51 depth=10 sorting=1 removed=0
== N14L52D9 03:44:00
result: n=14 size=52 depth=9 sorting=1 removed=0
== N15L56D10 03:44:00
result: n=15 size=56 depth=10 sorting=1 removed=0
== N15L57D9 03:44:00
result: n=15 size=57 depth=9 sorting=1 removed=0
== N16L60D10 03:44:00
result: n=16 size=60 depth=10 sorting=1 removed=0
== N16L61D9 03:44:00
result: n=16 size=61 depth=9 sorting=1 removed=0
== N17L71D12 03:44:00
result: n=17 size=71 depth=12 sorting=1 removed=0
== N17L72D11 03:44:00
result: n=17 size=72 depth=11 sorting=1 removed=0
== N17L74D10 03:44:00
result: n=17 size=74 depth=10 sorting=1 removed=0
== N18L77D12 03:44:00
result: n=18 size=77 depth=12 sorting=1 removed=0
== N18L78D11 03:44:00
result: n=18 size=78 depth=11 sorting=1 removed=0
== N19L85D12 03:44:00
result: n=19 size=85 depth=12 sorting=1 removed=0
== N19L87D11 03:44:00
result: n=19 size=87 depth=11 sorting=1 removed=0
== N20L91D12 03:44:01
result: n=20 size=91 depth=12 sorting=1 removed=0
== N20L93D11 03:44:01
result: n=20 size=93 depth=11 sorting=1 removed=0
== N21L100D12 03:44:02
result: n=21 size=100 depth=12 sorting=1 removed=0
== N21L99D15 03:44:02
result: n=21 size=99 depth=15 sorting=1 removed=0
== N22L106D13 03:44:03
result: n=22 size=106 depth=13 sorting=1 removed=0
== N22L107D12 03:44:04
result: n=22 size=107 depth=12 sorting=1 removed=0
== N23L114D14 03:44:05
result: n=23 size=114 depth=14 sorting=1 removed=0
== N23L115D13 03:44:07
result: n=23 size=115 depth=13 sorting=1 removed=0
== N23L116D12 03:44:10
result: n=23 size=116 depth=12 sorting=1 removed=0
== N24L120D13 03:44:12
result: n=24 size=120 depth=13 sorting=1 removed=0
== N24L122D12 03:44:17
result: n=24 size=122 depth=12 sorting=1 removed=0
== N25L130D15 03:44:20
result: n=25 size=130 depth=15 sorting=1 removed=0
== N25L131D13 03:44:28
result: n=25 size=131 depth=13 sorting=1 removed=0
== N26L138D15 03:44:35
result: n=26 size=138 depth=15 sorting=1 removed=0
== N26L139D14 03:44:47
result: n=26 size=139 depth=14 sorting=1 removed=0
== N26L141D13 03:45:06
result: n=26 size=141 depth=13 sorting=1 removed=0
== N27L147D16 03:45:18
result: n=27 size=147 depth=16 sorting=1 removed=0
== N27L148D14 03:45:47
result: n=27 size=148 depth=14 sorting=1 removed=0
== N27L153D13 03:46:19
removable: layer 7 comparator (23,26)
result: n=27 size=152 depth=13 sorting=1 removed=1
[(0,19),(1,26),(2,25),(3,24),(4,23),(5,22),(6,21),(7,20),(9,10),(11,17),(12,15),(13,14),(16,18)]
[(0,1),(2,3),(4,5),(6,7),(8,9),(11,16),(12,14),(13,15),(17,18),(19,26),(20,21),(22,23),(24,25)]
[(0,2),(1,3),(4,6),(5,7),(8,18),(9,14),(10,12),(13,17),(15,16),(19,24),(20,22),(21,23),(25,26)]
[(0,4),(1,5),(2,20),(3,21),(6,19),(7,25),(8,13),(9,17),(10,11),(12,15),(14,18),(22,24),(23,26)]
[(1,2),(3,19),(4,6),(5,22),(7,20),(8,10),(9,12),(11,13),(14,16),(15,17),(21,23),(24,25)]
[(0,8),(1,4),(2,6),(3,10),(5,7),(9,11),(12,13),(14,15),(16,17),(18,19),(20,22),(21,24),(23,25)]
[(1,9),(2,13),(4,8),(5,12),(6,10),(7,20),(14,24),(15,22),(17,25),(18,21)]
[(3,4),(6,14),(7,11),(8,15),(9,18),(10,17),(12,23),(13,21),(16,20),(19,26)]
[(1,3),(2,4),(5,6),(7,8),(10,13),(11,15),(12,16),(14,18),(19,24),(20,23),(21,22),(25,26)]
[(2,7),(4,8),(6,9),(10,11),(12,14),(13,15),(16,18),(17,21),(19,20),(23,24)]
[(2,3),(4,7),(5,6),(8,10),(9,12),(11,16),(13,14),(15,17),(18,19),(20,23),(21,22),(24,25)]
[(4,5),(6,7),(8,9),(10,12),(11,13),(14,16),(15,18),(17,19),(20,21),(22,23)]
[(3,4),(5,6),(7,8),(9,10),(11,12),(13,14),(15,16),(17,18),(19,20),(21,22),(23,24)]
== N28L155D14 03:47:15
result: n=28 size=155 depth=14 sorting=1 removed=0
== N28L159D13 03:47:57
result: n=28 size=159 depth=13 sorting=1 removed=0
== N29L164D15 03:48:43
result: n=29 size=164 depth=15 sorting=1 removed=0
== N29L166D14 03:50:18
result: n=29 size=166 depth=14 sorting=1 removed=0
== N2L1D1 03:51:48
result: n=2 size=1 depth=1 sorting=1 removed=0
== N30L172D14 03:51:48
result: n=30 size=172 depth=14 sorting=1 removed=0
== N31L180D14 03:54:18
